Similarity matrix:
                    1     2     3     4     5     6     7     8     9     10    11    12    13    14    15    16    17    18    19    20    21    22    23    24    25    26    
1 a.txt             -     5     3     4     6     4     6     8     4     5     4     3     6     6     4     7     8     7     7     8     5     8     6     7     7     6     
2 b.txt             5     -     4     3     5     4     7     6     3     4     6     5     5     4     4     6     8     8     7     7     5     7     6     7     6     7     
3 c.txt             3     4     -     3     6     3     6     7     3     4     4     3     5     5     3     6     8     7     7     7     4     8     6     6     6     6     
4 d.txt             4     3     3     -     4     2     6     5     2     2     5     3     4     3     2     5     7     8     7     7     5     7     5     6     6     5     
5 e.txt             6     5     6     4     -     4     7     6     5     5     7     5     6     5     5     7     7     8     8     8     7     7     7     7     7     7     
6 f.txt             4     4     3     2     4     -     6     5     3     3     5     3     5     4     2     6     7     7     8     7     5     7     6     5     6     6     
7 g.txt             6     7     6     6     7     6     -     8     6     7     6     6     7     8     7     8     8     8     8     8     8     8     7     8     7     7     
8 h.txt             8     6     7     5     6     5     8     -     6     5     8     7     6     5     5     6     7     8     8     7     7     7     7     6     7     7     
9 i.txt             4     3     3     2     5     3     6     6     -     3     5     4     5     4     3     6     8     8     7     7     5     7     5     7     6     6     
10 j.txt            5     4     4     2     5     3     7     5     3     -     6     4     5     3     2     5     7     8     7     7     5     7     5     6     7     5     
11 k.txt            4     6     4     5     7     5     6     8     5     6     -     4     6     7     5     7     8     7     7     8     6     8     6     7     7     6     
12 l.txt            3     5     3     3     5     3     6     7     4     4     4     -     5     5     3     6     7     7     7     8     5     8     6     6     7     5     
13 m.txt            6     5     5     4     6     5     7     6     5     5     6     5     -     5     5     5     7     8     7     7     6     8     7     6     6     6     
14 n.txt            6     4     5     3     5     4     8     5     4     3     7     5     5     -     3     5     7     8     7     7     5     7     6     6     7     6     
15 o.txt            4     4     3     2     5     2     7     5     3     2     5     3     5     3     -     5     7     7     7     7     4     7     5     5     7     5     
16 p.txt            7     6     6     5     7     6     8     6     6     5     7     6     5     5     5     -     7     8     7     7     6     8     7     6     7     6     
17 q.txt            8     8     8     7     7     7     8     7     8     7     8     7     7     7     7     7     -     8     8     8     8     8     8     7     8     7     
18 r.txt            7     8     7     8     8     7     8     8     8     8     7     7     8     8     7     8     8     -     8     8     7     8     8     7     8     8     
19 s.txt            7     7     7     7     8     8     8     8     7     7     7     7     7     7     7     7     8     8     -     8     7     8     7     8     8     7     
20 t.txt            8     7     7     7     8     7     8     7     7     7     8     8     7     7     7     7     8     8     8     -     7     8     8     7     7     8     
21 u.txt            5     5     4     5     7     5     8     7     5     5     6     5     6     5     4     6     8     7     7     7     -     8     7     6     7     7     
22 v.txt            8     7     8     7     7     7     8     7     7     7     8     8     8     7     7     8     8     8     8     8     8     -     7     8     8     8     
23 w.txt            6     6     6     5     7     6     7     7     5     5     6     6     7     6     5     7     8     8     7     8     7     7     -     8     8     6     
24 x.txt            7     7     6     6     7     5     8     6     7     6     7     6     6     6     5     6     7     7     8     7     6     8     8     -     7     7     
25 y.txt            7     6     6     6     7     6     7     7     6     7     7     7     6     7     7     7     8     8     8     7     7     8     8     7     -     8     
26 z.txt            6     7     6     5     7     6     7     7     6     5     6     5     6     6     5     6     7     8     7     8     7     8     6     7     8     -     
