Similarity matrix:
                    1     2     3     4     5     6     7     8     9     10    
1 baseball.txt      -     1250  1237  1237  1225  1266  1231  1243  1259  1234  
2 fencing.txt       1250  -     1257  1251  1249  1274  1248  1256  1267  1248  
3 football.txt      1237  1257  -     1242  1228  1267  1233  1249  1262  1244  
4 gymnasts.txt      1237  1251  1242  -     1220  1270  1234  1247  1268  1239  
5 hockey.txt        1225  1249  1228  1220  -     1259  1223  1237  1262  1220  
6 lacrosse.txt      1266  1274  1267  1270  1259  -     1268  1261  1272  1267  
7 nytimes.txt       1231  1248  1233  1234  1223  1268  -     1249  1265  1220  
8 soccer.txt        1243  1256  1249  1247  1237  1261  1249  -     1259  1239  
9 ultimate.txt      1259  1267  1262  1268  1262  1272  1265  1259  -     1254  
10 w_polo.txt       1234  1248  1244  1239  1220  1267  1220  1239  1254  -     
